[0.035s][info][gc] Using The Z Garbage Collector
[0.508s][info][gc] GC(0) Garbage Collection (Warmup) 4M(17%)->4M(17%)
[3.174s][info][gc] GC(1) Garbage Collection (Warmup) 6M(25%)->6M(25%)
[8.445s][info][gc] GC(2) Garbage Collection (Warmup) 8M(33%)->8M(33%)
[8.859s][info][gc] GC(3) Garbage Collection (Allocation Rate) 14M(58%)->10M(42%)
[8.975s][info][gc] GC(4) Garbage Collection (Allocation Rate) 12M(50%)->10M(42%)
[9.027s][info][gc] GC(5) Garbage Collection (Allocation Rate) 10M(42%)->8M(33%)
[9.143s][info][gc] GC(6) Garbage Collection (Allocation Rate) 8M(33%)->8M(33%)
[9.229s][info][gc] GC(7) Garbage Collection (Allocation Rate) 8M(33%)->8M(33%)
[9.323s][info][gc] GC(8) Garbage Collection (Allocation Rate) 8M(33%)->8M(33%)
[12.422s][info][gc] GC(9) Garbage Collection (Proactive) 14M(58%)->10M(42%)
[27.024s][info][gc] GC(10) Garbage Collection (Proactive) 14M(58%)->8M(33%)
[37.018s][info][gc] GC(11) Garbage Collection (Proactive) 12M(50%)->6M(25%)
[44.122s][info][gc] GC(12) Garbage Collection (Proactive) 10M(42%)->6M(25%)
[46.413s][info][gc] GC(13) Garbage Collection (Proactive) 10M(42%)->8M(33%)
[54.304s][info][gc] Allocation Stall (main) 10.690ms
[54.306s][info][gc] GC(14) Garbage Collection (Allocation Rate) 20M(83%)->16M(67%)
[54.341s][info][gc] Allocation Stall (main) 20.577ms
[54.343s][info][gc] GC(15) Garbage Collection (Allocation Stall) 24M(100%)->14M(58%)
[54.409s][info][gc] GC(16) Garbage Collection (Allocation Rate) 24M(100%)->8M(33%)
[54.510s][info][gc] GC(17) Garbage Collection (Allocation Rate) 8M(33%)->8M(33%)
[54.602s][info][gc] GC(18) Garbage Collection (Allocation Rate) 8M(33%)->8M(33%)
[54.698s][info][gc] GC(19) Garbage Collection (Allocation Rate) 8M(33%)->8M(33%)
[54.832s][info][gc] GC(20) Garbage Collection (Allocation Rate) 8M(33%)->8M(33%)
[54.903s][info][gc] GC(21) Garbage Collection (Allocation Rate) 8M(33%)->8M(33%)
[55.006s][info][gc] GC(22) Garbage Collection (Allocation Rate) 10M(42%)->10M(42%)
[55.107s][info][gc] GC(23) Garbage Collection (Allocation Rate) 10M(42%)->8M(33%)
[55.538s][info][gc] GC(24) Garbage Collection (Allocation Rate) 8M(33%)->8M(33%)
[55.615s][info][gc] GC(25) Garbage Collection (Allocation Rate) 8M(33%)->8M(33%)
[55.725s][info][gc] GC(26) Garbage Collection (Allocation Rate) 8M(33%)->8M(33%)
[55.823s][info][gc] GC(27) Garbage Collection (Allocation Rate) 8M(33%)->8M(33%)
[55.947s][info][gc] GC(28) Garbage Collection (Allocation Rate) 8M(33%)->10M(42%)
[56.016s][info][gc] GC(29) Garbage Collection (Allocation Rate) 10M(42%)->8M(33%)
[56.111s][info][gc] GC(30) Garbage Collection (Allocation Rate) 8M(33%)->8M(33%)
[62.218s][info][gc] GC(31) Garbage Collection (Proactive) 12M(50%)->12M(50%)
[82.416s][info][gc] GC(32) Garbage Collection (Proactive) 16M(67%)->12M(50%)
[103.413s][info][gc] GC(33) Garbage Collection (Proactive) 16M(67%)->12M(50%)
[130.424s][info][gc] GC(34) Garbage Collection (Proactive) 16M(67%)->12M(50%)
[157.418s][info][gc] GC(35) Garbage Collection (Proactive) 16M(67%)->12M(50%)
[184.517s][info][gc] GC(36) Garbage Collection (Proactive) 16M(67%)->12M(50%)
[209.431s][info][gc] GC(37) Garbage Collection (Proactive) 16M(67%)->12M(50%)
[234.228s][info][gc] GC(38) Garbage Collection (Proactive) 16M(67%)->8M(33%)
